 nan 224.785 203.839 2781.28 410.529 124.958 15.955 5.24172 421.387 1017.02 154.677 41.1906 1344.67 204.399 59.7765 5.24172 203.839 224.785 nan nan nan
